%!Adobe-FontList 1.16
%Locale:0x409

%BeginFont
Handler:DirectoryHandler
FontType:Type1
FontName:Gotham-Bold
FamilyName:Gotham
StyleName:Bold
MenuName:Gotham-Bold
StyleBits:2
WeightClass:700
WidthClass:5
AngleClass:0
FullName:Gotham-Bold
WritingScript:Roman
OutlineFileName:\GothaBol
DataFormat:POSTResource
UsesStandardEncoding:no
isCFF:no
FileLength:30891
FileModTime:1340289978
DesignSize:-1
%EndFont

%BeginFont
Handler:DirectoryHandler
FontType:Type1
FontName:Gotham-Book
FamilyName:Gotham
StyleName:Book
MenuName:Gotham-Book
StyleBits:0
WeightClass:400
WidthClass:5
AngleClass:0
FullName:Gotham-Book
WritingScript:Roman
OutlineFileName:\GothaBoo
DataFormat:POSTResource
UsesStandardEncoding:no
isCFF:no
FileLength:30608
FileModTime:1240849757
DesignSize:-1
%EndFont

%BeginFont
Handler:DirectoryHandler
FontType:Suitcase
FontName:Gotham-Bold
OutlineFileName:\Gotham-Bold
ResourceID:4161
MacStyle:0
FileLength:24458
FileModTime:1440091068
%EndFont

%BeginFont
Handler:DirectoryHandler
FontType:Suitcase
FontName:Gotham-Book
OutlineFileName:\Gotham-Book
ResourceID:4159
MacStyle:0
FileLength:24154
FileModTime:1421315385
%EndFont

%BeginFont
Handler:DirectoryHandler
FontType:Suitcase
FontName:Gotham-Medium
OutlineFileName:\Gotham-Medium
ResourceID:4160
MacStyle:0
FileLength:24544
FileModTime:1421315385
%EndFont

%BeginFont
Handler:DirectoryHandler
FontType:Type1
FontName:Gotham-Medium
FamilyName:Gotham
StyleName:Medium
MenuName:Gotham-Medium
StyleBits:0
WeightClass:500
WidthClass:5
AngleClass:0
FullName:Gotham-Medium
WritingScript:Roman
OutlineFileName:\GothaMed
DataFormat:POSTResource
UsesStandardEncoding:no
isCFF:no
FileLength:30764
FileModTime:1240849791
DesignSize:-1
%EndFont

%BeginFont
Handler:DirectoryHandler
FontType:Type1
FontName:LubalinGraphStd-Book
FamilyName:ITC Lubalin Graph Std
StyleName:Book
MenuName:ITC Lubalin Graph Std Book
StyleBits:0
WeightClass:400
WidthClass:5
AngleClass:0
FullName:ITC Lubalin Graph Std Book
WritingScript:Roman
OutlineFileName:\LubalinGraphStd-Book.otf
DataFormat:sfntData
UsesStandardEncoding:yes
isCFF:yes
FileLength:27312
FileModTime:896294874
NameArray:0,Mac,4,ITC Lubalin Graph Std Book
NameArray:0,Win,1,ITC Lubalin Graph Std Book
NameArray:0,Win,16,ITC Lubalin Graph Std
%EndFont

%BeginFont
Handler:DirectoryHandler
FontType:Type1
FontName:MinionPro-Regular
FamilyName:Minion Pro
StyleName:Regular
MenuName:Minion Pro
StyleBits:0
WeightClass:400
WidthClass:5
AngleClass:0
FullName:Minion Pro
WritingScript:Roman
OutlineFileName:\MinionPro-Regular.otf
DataFormat:sfntData
UsesStandardEncoding:yes
isCFF:yes
FileLength:231312
FileModTime:1420811736
DesignSize:110
NameArray:0,Mac,4,Minion Pro
NameArray:0,Win,1,Minion Pro
%EndFont

%BeginFont
Handler:DirectoryHandler
FontType:Suitcase
FontName:MrsEavesSmartLigRoman
OutlineFileName:\MrsEavesSmartLigRoman
ResourceID:2162
MacStyle:0
FileLength:45021
FileModTime:1421315387
%EndFont

%BeginFont
Handler:DirectoryHandler
FontType:Type1
FontName:MrsEavesSmartLigRoman
FamilyName:MrsEavesSmartLig
StyleName:Roman
MenuName:MrsEavesSmartLigRoman
StyleBits:0
WeightClass:400
WidthClass:5
AngleClass:0
FullName:MrsEavesSmartLigRoman
WritingScript:Roman
OutlineFileName:\MrsEavSmaLigRom
DataFormat:POSTResource
UsesStandardEncoding:no
isCFF:no
FileLength:43307
FileModTime:882454261
DesignSize:-1
%EndFont

